[    0.000000] Linux version 4.15.0-212-generic (buildd@lcy02-amd64-083) (gcc version 7.5.0 (Ubuntu 7.5.0-3ubuntu1~18.04)) #223-Ubuntu SMP Tue May 23 13:09:22 UTC 2023 (Ubuntu 4.15.0-212.223-generic 4.15.18)
[    0.000000] Command line: BOOT_IMAGE=/boot/vmlinuz-4.15.0-212-generic root=LABEL=cloudimg-rootfs ro console=tty1 console=ttyS0
[    0.000000] KERNEL supported cpus:
[    0.000000]   Intel GenuineIntel
[    0.000000]   AMD AuthenticAMD
[    0.000000]   Centaur CentaurHauls
[    0.000000] x86/fpu: Supporting XSAVE feature 0x001: 'x87 floating point registers'
[    0.000000] x86/fpu: Supporting XSAVE feature 0x002: 'SSE registers'
[    0.000000] x86/fpu: Supporting XSAVE feature 0x004: 'AVX registers'
[    0.000000] x86/fpu: xstate_offset[2]:  576, xstate_sizes[2]:  256
[    0.000000] x86/fpu: Enabled xstate features 0x7, context size is 832 bytes, using 'standard' format.
[    0.000000] e820: BIOS-provided physical RAM map:
[    0.000000] BIOS-e820: [mem 0x0000000000000000-0x000000000009fbff] usable
[    0.000000] BIOS-e820: [mem 0x000000000009fc00-0x000000000009ffff] reserved
[    0.000000] BIOS-e820: [mem 0x00000000000f0000-0x00000000000fffff] reserved
[    0.000000] BIOS-e820: [mem 0x0000000000100000-0x000000007ffeffff] usable
[    0.000000] BIOS-e820: [mem 0x000000007fff0000-0x000000007fffffff] ACPI data
[    0.000000] BIOS-e820: [mem 0x00000000fec00000-0x00000000fec00fff] reserved
[    0.000000] BIOS-e820: [mem 0x00000000fee00000-0x00000000fee00fff] reserved
[    0.000000] BIOS-e820: [mem 0x00000000fffc0000-0x00000000ffffffff] reserved
[    0.000000] NX (Execute Disable) protection: active
[    0.000000] SMBIOS 2.5 present.
[    0.000000] DMI: innotek GmbH VirtualBox/VirtualBox, BIOS VirtualBox 12/01/2006
[    0.000000] Hypervisor detected: KVM
[    0.000000] e820: last_pfn = 0x7fff0 max_arch_pfn = 0x400000000
[    0.000000] x86/PAT: Configuration [0-7]: WB  WC  UC- UC  WB  WP  UC- WT  
[    0.000000] found SMP MP-table at [mem 0x0009fbf0-0x0009fbff]
[    0.000000] Scanning 1 areas for low memory corruption
[    0.000000] RAMDISK: [mem 0x359cb000-0x36cdcfff]
[    0.000000] ACPI: Early table checksum verification disabled
[    0.000000] ACPI: RSDP 0x00000000000E0000 000024 (v02 VBOX  )
[    0.000000] ACPI: XSDT 0x000000007FFF0030 00003C (v01 VBOX   VBOXXSDT 00000001 ASL  00000061)
[    0.000000] ACPI: FACP 0x000000007FFF00F0 0000F4 (v04 VBOX   VBOXFACP 00000001 ASL  00000061)
[    0.000000] ACPI: DSDT 0x000000007FFF0620 002353 (v02 VBOX   VBOXBIOS 00000002 INTL 20100528)
[    0.000000] ACPI: FACS 0x000000007FFF0200 000040
[    0.000000] ACPI: FACS 0x000000007FFF0200 000040
[    0.000000] ACPI: APIC 0x000000007FFF0240 00006C (v02 VBOX   VBOXAPIC 00000001 ASL  00000061)
[    0.000000] ACPI: SSDT 0x000000007FFF02B0 00036C (v01 VBOX   VBOXCPUT 00000002 INTL 20100528)
[    0.000000] ACPI: Reserving FACP table memory at [mem 0x7fff00f0-0x7fff01e3]
[    0.000000] ACPI: Reserving DSDT table memory at [mem 0x7fff0620-0x7fff2972]
[    0.000000] ACPI: Reserving FACS table memory at [mem 0x7fff0200-0x7fff023f]
[    0.000000] ACPI: Reserving FACS table memory at [mem 0x7fff0200-0x7fff023f]
[    0.000000] ACPI: Reserving APIC table memory at [mem 0x7fff0240-0x7fff02ab]
[    0.000000] ACPI: Reserving SSDT table memory at [mem 0x7fff02b0-0x7fff061b]
[    0.000000] No NUMA configuration found
[    0.000000] Faking a node at [mem 0x0000000000000000-0x000000007ffeffff]
[    0.000000] NODE_DATA(0) allocated [mem 0x7ffc5000-0x7ffeffff]
[    0.000000] kvm-clock: cpu 0, msr 0:7ff44001, primary cpu clock
[    0.000000] kvm-clock: Using msrs 4b564d01 and 4b564d00
[    0.000000] kvm-clock: using sched offset of 2960335395 cycles
[    0.000000] clocksource: kvm-clock: mask: 0xffffffffffffffff max_cycles: 0x1cd42e4dffb, max_idle_ns: 881590591483 ns
[    0.000000] Zone ranges:
[    0.000000]   DMA      [mem 0x0000000000001000-0x0000000000ffffff]
[    0.000000]   DMA32    [mem 0x0000000001000000-0x000000007ffeffff]
[    0.000000]   Normal   empty
[    0.000000]   Device   empty
[    0.000000] Movable zone start for each node
[    0.000000] Early memory node ranges
[    0.000000]   node   0: [mem 0x0000000000001000-0x000000000009efff]
[    0.000000]   node   0: [mem 0x0000000000100000-0x000000007ffeffff]
[    0.000000] Reserved but unavailable: 104 pages
[    0.000000] Initmem setup node 0 [mem 0x0000000000001000-0x000000007ffeffff]
[    0.000000] ACPI: PM-Timer IO Port: 0x4008
[    0.000000] IOAPIC[0]: apic_id 4, version 32, address 0xfec00000, GSI 0-23
[    0.000000] ACPI: INT_SRC_OVR (bus 0 bus_irq 0 global_irq 2 dfl dfl)
[    0.000000] ACPI: INT_SRC_OVR (bus 0 bus_irq 9 global_irq 9 low level)
[    0.000000] Using ACPI (MADT) for SMP configuration information
[    0.000000] smpboot: Allowing 4 CPUs, 0 hotplug CPUs
[    0.000000] PM: Registered nosave memory: [mem 0x00000000-0x00000fff]
[    0.000000] PM: Registered nosave memory: [mem 0x0009f000-0x0009ffff]
[    0.000000] PM: Registered nosave memory: [mem 0x000a0000-0x000effff]
[    0.000000] PM: Registered nosave memory: [mem 0x000f0000-0x000fffff]
[    0.000000] e820: [mem 0x80000000-0xfebfffff] available for PCI devices
[    0.000000] Booting paravirtualized kernel on KVM
[    0.000000] clocksource: refined-jiffies: mask: 0xffffffff max_cycles: 0xffffffff, max_idle_ns: 7645519600211568 ns
[    0.000000] setup_percpu: NR_CPUS:8192 nr_cpumask_bits:4 nr_cpu_ids:4 nr_node_ids:1
[    0.000000] percpu: Embedded 50 pages/cpu s167936 r8192 d28672 u524288
[    0.000000] PV qspinlock hash table entries: 256 (order: 0, 4096 bytes)
[    0.000000] Built 1 zonelists, mobility grouping on.  Total pages: 515961
[    0.000000] Policy zone: DMA32
[    0.000000] Kernel command line: BOOT_IMAGE=/boot/vmlinuz-4.15.0-212-generic root=LABEL=cloudimg-rootfs ro console=tty1 console=ttyS0
[    0.000000] Memory: 2014436K/2096696K available (12300K kernel code, 2477K rwdata, 4324K rodata, 2480K init, 2720K bss, 82260K reserved, 0K cma-reserved)
[    0.000000] SLUB: HWalign=64, Order=0-3, MinObjects=0, CPUs=4, Nodes=1
[    0.000000] Kernel/User page tables isolation: enabled
[    0.000000] ftrace: allocating 39508 entries in 155 pages
[    0.004000] Hierarchical RCU implementation.
[    0.004000] 	RCU restricting CPUs from NR_CPUS=8192 to nr_cpu_ids=4.
[    0.004000] 	Tasks RCU enabled.
[    0.004000] RCU: Adjusting geometry for rcu_fanout_leaf=16, nr_cpu_ids=4
[    0.004000] NR_IRQS: 524544, nr_irqs: 456, preallocated irqs: 16
[    0.004000] random: crng init done
[    0.004000] Console: colour VGA+ 80x25
[    0.004000] console [tty1] enabled
[    0.004000] console [ttyS0] enabled
[    0.004000] ACPI: Core revision 20170831
[    0.004000] ACPI: 2 ACPI AML tables successfully acquired and loaded
[    0.004000] APIC: Switch to symmetric I/O mode setup
[    0.004000] x2apic enabled
[    0.004000] Switched APIC routing to physical x2apic.
[    0.004000] ..TIMER: vector=0x30 apic1=0 pin1=2 apic2=-1 pin2=-1
[    0.004006] tsc: Detected 3609.602 MHz processor
[    0.008010] Calibrating delay loop (skipped) preset value.. 7219.20 BogoMIPS (lpj=14438408)
[    0.009934] pid_max: default: 32768 minimum: 301
[    0.011013] Security Framework initialized
[    0.012004] Yama: becoming mindful.
[    0.012830] AppArmor: AppArmor initialized
[    0.014075] Dentry cache hash table entries: 262144 (order: 9, 2097152 bytes)
[    0.015669] Inode-cache hash table entries: 131072 (order: 8, 1048576 bytes)
[    0.016014] Mount-cache hash table entries: 4096 (order: 3, 32768 bytes)
[    0.017233] Mountpoint-cache hash table entries: 4096 (order: 3, 32768 bytes)
[    0.020160] Last level iTLB entries: 4KB 0, 2MB 0, 4MB 0
[    0.021242] Last level dTLB entries: 4KB 0, 2MB 0, 4MB 0, 1GB 0
[    0.022440] Spectre V1 : Mitigation: usercopy/swapgs barriers and __user pointer sanitization
[    0.024003] Spectre V2 : Mitigation: Retpolines
[    0.024963] Spectre V2 : Spectre v2 / SpectreRSB mitigation: Filling RSB on context switch
[    0.026940] Spectre V2 : Spectre v2 / SpectreRSB : Filling RSB on VMEXIT
[    0.028003] Speculative Store Bypass: Vulnerable
[    0.029326] MDS: Mitigation: Clear CPU buffers
[    0.030356] Freeing SMP alternatives memory: 36K
[    0.141387] smpboot: CPU0: 12th Gen Intel(R) Core(TM) i7-12700KF (family: 0x6, model: 0x97, stepping: 0x2)
[    0.143382] Performance Events: unsupported p6 CPU model 151 no PMU driver, software events only.
[    0.144000] Hierarchical SRCU implementation.
[    0.144396] NMI watchdog: Perf event create on CPU 0 failed with -2
[    0.146555] NMI watchdog: Perf NMI watchdog permanently disabled
[    0.148076] smp: Bringing up secondary CPUs ...
[    0.149140] x86: Booting SMP configuration:
[    0.150157] .... node  #0, CPUs:      #1
[    0.004000] kvm-clock: cpu 1, msr 0:7ff44041, secondary cpu clock
[    0.155122]  #2
[    0.004000] kvm-clock: cpu 2, msr 0:7ff44081, secondary cpu clock
[    0.160130]  #3
[    0.004000] kvm-clock: cpu 3, msr 0:7ff440c1, secondary cpu clock
[    0.164794] smp: Brought up 1 node, 4 CPUs
[    0.164850] smpboot: Max logical packages: 1
[    0.165834] smpboot: Total of 4 processors activated (28876.81 BogoMIPS)
[    0.168875] devtmpfs: initialized
[    0.168875] x86/mm: Memory block size: 128MB
[    0.169894] evm: security.selinux
[    0.172021] evm: security.SMACK64
[    0.172722] evm: security.SMACK64EXEC
[    0.173502] evm: security.SMACK64TRANSMUTE
[    0.174355] evm: security.SMACK64MMAP
[    0.175184] evm: security.apparmor
[    0.176002] evm: security.ima
[    0.176689] evm: security.capability
[    0.177915] clocksource: jiffies: mask: 0xffffffff max_cycles: 0xffffffff, max_idle_ns: 7645041785100000 ns
[    0.180562] futex hash table entries: 1024 (order: 4, 65536 bytes)
[    0.182342] pinctrl core: initialized pinctrl subsystem
[    0.183551] RTC time: 10:13:59, date: 02/17/25
[    0.184261] NET: Registered protocol family 16
[    0.185281] audit: initializing netlink subsys (disabled)
[    0.188042] audit: type=2000 audit(1739787244.055:1): state=initialized audit_enabled=0 res=1
[    0.189723] cpuidle: using governor ladder
[    0.189723] cpuidle: using governor menu
[    0.189885] ACPI: bus type PCI registered
[    0.192003] acpiphp: ACPI Hot Plug PCI Controller Driver version: 0.5
[    0.193508] PCI: Using configuration type 1 for base access
[    0.196617] HugeTLB registered 2.00 MiB page size, pre-allocated 0 pages
[    0.198029] ACPI: Added _OSI(Module Device)
[    0.200004] ACPI: Added _OSI(Processor Device)
[    0.200963] ACPI: Added _OSI(3.0 _SCP Extensions)
[    0.201991] ACPI: Added _OSI(Processor Aggregator Device)
[    0.203144] ACPI: Added _OSI(Linux-Dell-Video)
[    0.204003] ACPI: Added _OSI(Linux-Lenovo-NV-HDMI-Audio)
[    0.205127] ACPI: Added _OSI(Linux-HPI-Hybrid-Graphics)
[    0.206534] ACPI: Executed 1 blocks of module-level executable AML code
[    0.210751] ACPI: Interpreter enabled
[    0.212013] ACPI: (supports S0 S5)
[    0.212802] ACPI: Using IOAPIC for interrupt routing
[    0.214066] PCI: Using host bridge windows from ACPI; if necessary, use "pci=nocrs" and report a bug
[    0.216165] ACPI: Enabled 2 GPEs in block 00 to 07
[    0.222657] ACPI: PCI Root Bridge [PCI0] (domain 0000 [bus 00-ff])
[    0.224000] acpi PNP0A03:00: _OSC: OS supports [ASPM ClockPM Segments MSI]
[    0.224575] acpi PNP0A03:00: _OSC: not requesting OS control; OS requires [ExtendedConfig ASPM ClockPM MSI]
[    0.226635] acpi PNP0A03:00: fail to add MMCONFIG information, can't access extended PCI configuration space under this bridge.
[    0.228403] PCI host bridge to bus 0000:00
[    0.229329] pci_bus 0000:00: root bus resource [io  0x0000-0x0cf7 window]
[    0.232003] pci_bus 0000:00: root bus resource [io  0x0d00-0xffff window]
[    0.233335] pci_bus 0000:00: root bus resource [mem 0x000a0000-0x000bffff window]
[    0.234860] pci_bus 0000:00: root bus resource [mem 0x80000000-0xfdffffff window]
[    0.236003] pci_bus 0000:00: root bus resource [bus 00-ff]
[    0.241076] pci 0000:00:01.1: legacy IDE quirk: reg 0x10: [io  0x01f0-0x01f7]
[    0.242912] pci 0000:00:01.1: legacy IDE quirk: reg 0x14: [io  0x03f6]
[    0.244000] pci 0000:00:01.1: legacy IDE quirk: reg 0x18: [io  0x0170-0x0177]
[    0.244002] pci 0000:00:01.1: legacy IDE quirk: reg 0x1c: [io  0x0376]
[    0.262657] pci 0000:00:07.0: quirk: [io  0x4000-0x403f] claimed by PIIX4 ACPI
[    0.264018] pci 0000:00:07.0: quirk: [io  0x4100-0x410f] claimed by PIIX4 SMB
[    0.277262] ACPI: PCI Interrupt Link [LNKA] (IRQs 5 9 10 *11)
[    0.279154] ACPI: PCI Interrupt Link [LNKB] (IRQs 5 9 *10 11)
[    0.280122] ACPI: PCI Interrupt Link [LNKC] (IRQs 5 *9 10 11)
[    0.281563] ACPI: PCI Interrupt Link [LNKD] (IRQs 5 9 10 *11)
[    0.284218] SCSI subsystem initialized
[    0.285962] pci 0000:00:02.0: vgaarb: setting as boot VGA device
[    0.285962] pci 0000:00:02.0: vgaarb: VGA device added: decodes=io+mem,owns=io+mem,locks=none
[    0.288294] pci 0000:00:02.0: vgaarb: bridge control possible
[    0.289653] vgaarb: loaded
[    0.290631] ACPI: bus type USB registered
[    0.292026] usbcore: registered new interface driver usbfs
[    0.293386] usbcore: registered new interface driver hub
[    0.294695] usbcore: registered new device driver usb
[    0.296631] EDAC MC: Ver: 3.0.0
[    0.297757] PCI: Using ACPI for IRQ routing
[    0.297757] NetLabel: Initializing
[    0.300008] NetLabel:  domain hash size = 128
[    0.301003] NetLabel:  protocols = UNLABELED CIPSOv4 CALIPSO
[    0.302144] NetLabel:  unlabeled traffic allowed by default
[    0.304617] clocksource: Switched to clocksource kvm-clock
[    0.312696] VFS: Disk quotas dquot_6.6.0
[    0.313520] VFS: Dquot-cache hash table entries: 512 (order 0, 4096 bytes)
[    0.314942] AppArmor: AppArmor Filesystem Enabled
[    0.315892] pnp: PnP ACPI init
[    0.317588] pnp: PnP ACPI: found 3 devices
[    0.328864] clocksource: acpi_pm: mask: 0xffffff max_cycles: 0xffffff, max_idle_ns: 2085701024 ns
[    0.330732] NET: Registered protocol family 2
[    0.331906] IP idents hash table entries: 32768 (order: 6, 262144 bytes)
[    0.333671] TCP established hash table entries: 16384 (order: 5, 131072 bytes)
[    0.335747] TCP bind hash table entries: 16384 (order: 6, 262144 bytes)
[    0.337082] TCP: Hash tables configured (established 16384 bind 16384)
[    0.338377] UDP hash table entries: 1024 (order: 3, 32768 bytes)
[    0.339606] UDP-Lite hash table entries: 1024 (order: 3, 32768 bytes)
[    0.340953] NET: Registered protocol family 1
[    0.341885] pci 0000:00:00.0: Limiting direct PCI/PCI transfers
[    0.343080] pci 0000:00:01.0: Activating ISA DMA hang workarounds
[    0.344338] pci 0000:00:02.0: Video device with shadowed ROM at [mem 0x000c0000-0x000dffff]
[    0.346184] Unpacking initramfs...
[    0.584006] Freeing initrd memory: 19528K
[    0.585839] clocksource: tsc: mask: 0xffffffffffffffff max_cycles: 0x3407c1ca0da, max_idle_ns: 440795300044 ns
[    0.586782] platform rtc_cmos: registered platform RTC device (no PNP device found)
[    0.587527] Scanning for low memory corruption every 60 seconds
[    0.588499] Initialise system trusted keyrings
[    0.588907] Key type blacklist registered
[    0.589530] workingset: timestamp_bits=36 max_order=19 bucket_order=0
[    0.591381] zbud: loaded
[    0.592193] squashfs: version 4.0 (2009/01/31) Phillip Lougher
[    0.593214] fuse init (API version 7.26)
[    0.602840] Key type asymmetric registered
[    0.604061] Asymmetric key parser 'x509' registered
[    0.605734] Block layer SCSI generic (bsg) driver version 0.4 loaded (major 246)
[    0.608391] io scheduler noop registered
[    0.609694] io scheduler deadline registered
[    0.611226] io scheduler cfq registered (default)
[    0.613598] ACPI: AC Adapter [AC] (on-line)
[    0.615205] input: Power Button as /devices/LNXSYSTM:00/LNXPWRBN:00/input/input0
[    0.618059] ACPI: Power Button [PWRF]
[    0.619421] input: Sleep Button as /devices/LNXSYSTM:00/LNXSLPBN:00/input/input1
[    0.621961] ACPI: Sleep Button [SLPF]
[    0.624208] Serial: 8250/16550 driver, 32 ports, IRQ sharing enabled
[    0.648167] 00:02: ttyS0 at I/O 0x3f8 (irq = 4, base_baud = 115200) is a 16550A
[    0.652904] Linux agpgart interface v0.103
[    0.655699] loop: module loaded
[    0.658863] scsi host0: ata_piix
[    0.659970] scsi host1: ata_piix
[    0.661111] ata1: PATA max UDMA/33 cmd 0x1f0 ctl 0x3f6 bmdma 0xd000 irq 14
[    0.663020] ata2: PATA max UDMA/33 cmd 0x170 ctl 0x376 bmdma 0xd008 irq 15
[    0.665193] tun: Universal TUN/TAP device driver, 1.6
[    0.666318] PPP generic driver version 2.4.2
[    0.667262] ehci_hcd: USB 2.0 'Enhanced' Host Controller (EHCI) Driver
[    0.669151] ehci-pci: EHCI PCI platform driver
[    0.670307] ehci-platform: EHCI generic platform driver
[    0.671596] ohci_hcd: USB 1.1 'Open' Host Controller (OHCI) Driver
[    0.673093] ohci-pci: OHCI PCI platform driver
[    0.674090] ohci-platform: OHCI generic platform driver
[    0.675269] uhci_hcd: USB Universal Host Controller Interface driver
[    0.676730] i8042: PNP: PS/2 Controller [PNP0303:PS2K,PNP0f03:PS2M] at 0x60,0x64 irq 1,12
[    0.679114] serio: i8042 KBD port at 0x60,0x64 irq 1
[    0.680232] serio: i8042 AUX port at 0x60,0x64 irq 12
[    0.681453] mousedev: PS/2 mouse device common for all mice
[    0.683237] rtc_cmos rtc_cmos: rtc core: registered rtc_cmos as rtc0
[    0.684720] rtc_cmos rtc_cmos: alarms up to one day, 114 bytes nvram
[    0.686579] i2c /dev entries driver
[    0.687427] input: AT Translated Set 2 keyboard as /devices/platform/i8042/serio0/input/input2
[    0.689206] device-mapper: uevent: version 1.0.3
[    0.690225] device-mapper: ioctl: 4.37.0-ioctl (2017-09-20) initialised: dm-devel@redhat.com
[    0.692297] ledtrig-cpu: registered to indicate activity on CPUs
[    0.694063] NET: Registered protocol family 10
[    0.698340] Segment Routing with IPv6
[    0.699166] NET: Registered protocol family 17
[    0.700159] Key type dns_resolver registered
[    0.701288] mce: Using 0 MCE banks
[    0.702007] RAS: Correctable Errors collector initialized.
[    0.703098] sched_clock: Marking stable (701267645, 0)->(868319544, -167051899)
[    0.705959] registered taskstats version 1
[    0.706865] Loading compiled-in X.509 certificates
[    0.709984] Loaded X.509 cert 'Build time autogenerated kernel key: b5b26778eaa3ab3a4a6cee031137706e947d12ad'
[    0.712371] Loaded X.509 cert 'Canonical Ltd. Live Patch Signing: 14df34d1a87cf37625abec039ef2bf521249b969'
[    0.714837] Loaded X.509 cert 'Canonical Ltd. Kernel Module Signing: 88f752e560a1e0737e31163a466ad7b70a850c19'
[    0.716857] blacklist: Loading compiled-in revocation X.509 certificates
[    0.718371] Loaded X.509 cert 'Canonical Ltd. Secure Boot Signing: 61482aa2830d0ab2ad5af10b7250da9033ddcef0'
[    0.720361] Loaded X.509 cert 'Canonical Ltd. Secure Boot Signing (2017): 242ade75ac4a15e50d50c84b0d45ff3eae707a03'
[    0.722401] Loaded X.509 cert 'Canonical Ltd. Secure Boot Signing (ESM 2018): 365188c1d374d6b07c3c8f240f8ef722433d6a8b'
[    0.724627] Loaded X.509 cert 'Canonical Ltd. Secure Boot Signing (2019): c0746fd6c5da3ae827864651ad66ae47fe24b3e8'
[    0.726649] Loaded X.509 cert 'Canonical Ltd. Secure Boot Signing (2021 v1): a8d54bbb3825cfb94fa13c9f8a594a195c107b8d'
[    0.728976] Loaded X.509 cert 'Canonical Ltd. Secure Boot Signing (2021 v2): 4cf046892d6fd3c9a5b03f98d845f90851dc6a8c'
[    0.731197] Loaded X.509 cert 'Canonical Ltd. Secure Boot Signing (2021 v3): 100437bb6de6e469b581e61cd66bce3ef4ed53af'
[    0.733713] Loaded X.509 cert 'Canonical Ltd. Secure Boot Signing (Ubuntu Core 2019): c1d57b8f6b743f23ee41f4f7ee292f06eecadfb9'
[    0.735960] zswap: loaded using pool lzo/zbud
[    0.740607] Key type big_key registered
[    0.741440] Key type trusted registered
[    0.744476] Key type encrypted registered
[    0.745359] AppArmor: AppArmor sha1 policy hashing enabled
[    0.746456] ima: No TPM chip found, activating TPM-bypass! (rc=-19)
[    0.747717] ima: Allocated hash algorithm: sha1
[    0.748783] evm: HMAC attrs: 0x1
[    0.749767]   Magic number: 13:479:224
[    0.750743] rtc_cmos rtc_cmos: setting system clock to 2025-02-17 10:13:59 UTC (1739787239)
[    0.753181] BIOS EDD facility v0.16 2004-Jun-25, 0 devices found
[    0.754375] EDD information not available.
[    0.889270] Freeing unused kernel image memory: 2480K
[    1.056616] Write protecting the kernel read-only data: 20480k
[    1.058590] Freeing unused kernel image memory: 2008K
[    1.060347] Freeing unused kernel image memory: 1820K
[    1.066444] x86/mm: Checked W+X mappings: passed, no W+X pages found.
[    1.068086] x86/mm: Checking user space page tables
[    1.073967] x86/mm: Checked W+X mappings: passed, no W+X pages found.
Loading, please wait...
starting version 237
[    1.123338] Fusion MPT base driver 3.04.20
[    1.124683] Copyright (c) 1999-2008 LSI Corporation
[    1.130543] e1000: Intel(R) PRO/1000 Network Driver - version 7.3.21-k8-NAPI
[    1.131954] e1000: Copyright (c) 1999-2006 Intel Corporation.
[    1.136700] Fusion MPT SPI Host driver 3.04.20
[    1.142399] AVX2 version of gcm_enc/dec engaged.
[    1.143363] AES CTR mode by8 optimization enabled
[    1.325936] input: ImExPS/2 Generic Explorer Mouse as /devices/platform/i8042/serio1/input/input4
[    1.947834] e1000 0000:00:03.0 eth0: (PCI:33MHz:32-bit) 02:3b:7b:b7:3b:2d
[    1.949592] e1000 0000:00:03.0 eth0: Intel(R) PRO/1000 Network Connection
[    2.637607] e1000 0000:00:08.0 eth1: (PCI:33MHz:32-bit) 08:00:27:94:95:84
[    2.640902] e1000 0000:00:08.0 eth1: Intel(R) PRO/1000 Network Connection
[    2.646071] e1000 0000:00:03.0 enp0s3: renamed from eth0
[    2.647728] mptbase: ioc0: Initiating bringup
[    2.672663] e1000 0000:00:08.0 enp0s8: renamed from eth1
[    2.756705] ioc0: LSI53C1030 A0: Capabilities={Initiator}
[    3.954243] scsi host2: ioc0: LSI53C1030 A0, FwRev=00000000h, Ports=1, MaxQ=256, IRQ=20
[    5.594506] scsi 2:0:0:0: Direct-Access     VBOX     HARDDISK         1.0  PQ: 0 ANSI: 5
[    5.639021] scsi target2:0:0: Beginning Domain Validation
[    5.643618] scsi target2:0:0: Domain Validation skipping write tests
[    5.648539] scsi target2:0:0: Ending Domain Validation
[    5.649923] scsi target2:0:0: asynchronous
[    5.651636] scsi 2:0:1:0: Direct-Access     VBOX     HARDDISK         1.0  PQ: 0 ANSI: 5
[    6.109410] scsi target2:0:1: Beginning Domain Validation
[    6.111934] scsi target2:0:1: Domain Validation skipping write tests
[    6.113263] scsi target2:0:1: Ending Domain Validation
[    6.114608] scsi target2:0:1: asynchronous
[    6.120168] sd 2:0:0:0: [sda] 83886080 512-byte logical blocks: (42.9 GB/40.0 GiB)
[    6.121054] sd 2:0:0:0: Attached scsi generic sg0 type 0
[    6.121745] sd 2:0:0:0: [sda] Write Protect is off
[    6.123021] sd 2:0:1:0: Attached scsi generic sg1 type 0
[    6.125192] sd 2:0:0:0: [sda] Incomplete mode parameter data
[    6.126381] sd 2:0:0:0: [sda] Assuming drive cache: write through
[    6.126434] sd 2:0:1:0: [sdb] 20480 512-byte logical blocks: (10.5 MB/10.0 MiB)
[    6.129349] sd 2:0:1:0: [sdb] Write Protect is off
[    6.130434]  sda: sda1
[    6.131059] sd 2:0:1:0: [sdb] Incomplete mode parameter data
[    6.131446] sd 2:0:0:0: [sda] Attached SCSI disk
[    6.132194] sd 2:0:1:0: [sdb] Assuming drive cache: write through
[    6.136669] sd 2:0:1:0: [sdb] Attached SCSI disk
Begin: Loading essential drivers ... [    7.661027] raid6: sse2x1   gen() 13073 MB/s
[    7.708108] raid6: sse2x1   xor()  7133 MB/s
[    7.756221] raid6: sse2x2   gen() 16618 MB/s
[    7.804755] raid6: sse2x2   xor()  9790 MB/s
[    7.852048] raid6: sse2x4   gen() 17682 MB/s
[    7.900286] raid6: sse2x4   xor()  7729 MB/s
[    7.948264] raid6: avx2x1   gen() 14707 MB/s
[    7.996025] raid6: avx2x1   xor()  8639 MB/s
[    8.044811] raid6: avx2x2   gen() 16708 MB/s
[    8.092855] raid6: avx2x2   xor()  9581 MB/s
[    8.140052] raid6: avx2x4   gen() 19258 MB/s
[    8.188018] raid6: avx2x4   xor()  6750 MB/s
[    8.189284] raid6: using algorithm avx2x4 gen() 19258 MB/s
[    8.190743] raid6: .... xor() 6750 MB/s, rmw enabled
[    8.192327] raid6: using avx2x2 recovery algorithm
[    8.195425] xor: automatically using best checksumming function   avx       
[    8.198211] async_tx: api initialized (async)
done.
Begin: Running /scripts/init-premount ... done.
Begin: Mounting root file system ... Begin: Running /scripts/local-top ... done.
Begin: Running /scripts/local-premount ... [    8.237527] Btrfs loaded, crc32c=crc32c-intel
Scanning for Btrfs filesystems
done.
Warning: fsck not present, so skipping root file system
[    8.264484] EXT4-fs (sda1): mounted filesystem with ordered data mode. Opts: (null)
done.
Begin: Running /scripts/local-bottom ... done.
Begin: Running /scripts/init-bottom ... done.
[    8.471833] ip_tables: (C) 2000-2006 Netfilter Core Team
[    8.483090] systemd[1]: systemd 237 running in system mode. (+PAM +AUDIT +SELINUX +IMA +APPARMOR +SMACK +SYSVINIT +UTMP +LIBCRYPTSETUP +GCRYPT +GNUTLS +ACL +XZ +LZ4 +SECCOMP +BLKID +ELFUTILS +KMOD -IDN2 +IDN -PCRE2 default-hierarchy=hybrid)
[    8.486971] systemd[1]: Detected virtualization oracle.
[    8.487457] systemd[1]: Detected architecture x86-64.

Welcome to [1mUbuntu 18.04.6 LTS[0m!

[    8.498159] systemd[1]: Set hostname to <ubuntu>.
[    8.499967] systemd[1]: Initializing machine ID from random generator.
[    8.500611] systemd[1]: Installed transient /etc/machine-id file.
[    8.779207] systemd[1]: Reached target User and Group Name Lookups.
[[0;32m  OK  [0m] Reached target User and Group Name Lookups.
[    8.781755] systemd[1]: Started Forward Password Requests to Wall Directory Watch.
[[0;32m  OK  [0m] Started Forward Password Requests to Wall Directory Watch.
[    8.790319] systemd[1]: Created slice User and Session Slice.
[[0;32m  OK  [0m] Created slice User and Session Slice.
[    8.792684] systemd[1]: Reached target Swap.
[[0;32m  OK  [0m] Reached target Swap.
[[0;32m  OK  [0m] Reached target System Time Synchronized.
[[0;32m  OK  [0m] Created slice System Slice.
[[0;32m  OK  [0m] Listening on Syslog Socket.
[[0;32m  OK  [0m] Listening on LVM2 poll daemon socket.
[[0;32m  OK  [0m] Listening on Journal Socket.
         Mounting Huge Pages File System...
[[0;32m  OK  [0m] Listening on Device-mapper event daemon FIFOs.
[[0;32m  OK  [0m] Listening on udev Control Socket.
         Mounting POSIX Message Queue File System...
         Starting Load Kernel Modules...
[[0;32m  OK  [0m] Listening on fsck to fsckd communication Socket.
[[0;32m  OK  [0m] Listening on Journal Socket (/dev/log).
         Mounting Kernel Debug File System...
[[0;32m  OK  [0m] Listening on /dev/initctl Compatibility Named Pipe.
         Starting Uncomplicated firewall...
[[0;32m  OK  [0m] Created slice system-serial\x2dgetty.slice.
[[0;32m  OK  [0m] Listening on Network Service Netlink Socket.
[[0;32m  OK  [0m] Set up automount Arbitrary Executabâ€¦rmats File System Automount Point.
[    8.812662] Loading iSCSI transport class v2.0-870.
[[0;32m  OK  [0m] Reached target Mounting snaps.
[[0;32m  OK  [0m] Reached target Slices.
         Starting Create list of required stâ€¦ce nodes for the current kernel...
[[0;32m  OK  [0m] Listening on LVM2 metadata daemon socket.
         Starting Monitoring of LVM2 mirrorsâ€¦ng dmeventd or progress polling...
[[0;32m  OK  [0m] Listening on Journal Audit Socket.
         Starting Journal Service...
[[0;32m  OK  [0m] Reached target Mounted snaps.
[[0;32m  OK  [0m] Listening on udev Kernel Socket.
         Starting udev Coldplug all Devices...
         Starting Set the console keyboard layout...
[    8.829351] iscsi: registered transport (tcp)
         Starting File System Check on Root Device...
[[0;32m  OK  [0m] Mounted Huge Pages File System.
[    8.842863] iscsi: registered transport (iser)
[[0;32m  OK  [0m] Mounted POSIX Message Queue File System.
[[0;32m  OK  [0m] Started Load Kernel Modules.
[[0;32m  OK  [0m] Mounted Kernel Debug File System.
[[0;32m  OK  [0m] Started Uncomplicated firewall.
[[0;32m  OK  [0m] Started Create list of required staâ€¦vice nodes for the current kernel.
         Starting Create Static Device Nodes in /dev...
         Mounting Kernel Configuration File System...
         Starting Apply Kernel Variables...
         Mounting FUSE Control File System...
[[0;32m  OK  [0m] Mounted Kernel Configuration File System.
[[0;32m  OK  [0m] Mounted FUSE Control File System.
[[0;32m  OK  [0m] Started LVM2 metadata daemon.
[[0;32m  OK  [0m] Started File System Check Daemon to report status.
[[0;32m  OK  [0m] Started udev Coldplug all Devices.
[[0;32m  OK  [0m] Started Journal Service.
[[0;32m  OK  [0m] Started Create Static Device Nodes in /dev.
[[0;32m  OK  [0m] Started Apply Kernel Variables.
[[0;32m  OK  [0m] Started Monitoring of LVM2 mirrors,â€¦sing dmeventd or progress polling.
[[0;32m  OK  [0m] Started File System Check on Root Device.
         Starting Remount Root and Kernel File Systems...
[[0;32m  OK  [0m] Started Remount Root and Kernel File Systems.
         Starting udev Kernel Device Manager...
         Starting Load/Save Random Seed...
         Starting Flush Journal to Persistent Storage...
[[0;32m  OK  [0m] Started Load/Save Random Seed.
[[0;32m  OK  [0m] Started udev Kernel Device Manager.
[[0;32m  OK  [0m] Started Flush Journal to Persistent Storage.
[[0;32m  OK  [0m] Found device /dev/ttyS0.
[[0;32m  OK  [0m] Listening on Load/Save RF Kill Switch Status /dev/rfkill Watch.
         Mounting Arbitrary Executable File Formats File System...
[[0;32m  OK  [0m] Mounted Arbitrary Executable File Formats File System.
[[0;32m  OK  [0m] Started Set the console keyboard layout.
[[0;32m  OK  [0m] Reached target Local File Systems (Pre).
[[0;32m  OK  [0m] Reached target Local File Systems.
         Starting Commit a transient machine-id on disk...
         Starting Set console font and keymap...
         Starting AppArmor initialization...
         Starting Create Volatile Files and Directories...
         Starting Tell Plymouth To Write Out Runtime Data...
         Starting ebtables ruleset management...
[[0;32m  OK  [0m] Started Dispatch Password Requests to Console Directory Watch.
[[0;32m  OK  [0m] Reached target Local Encrypted Volumes.
[[0;32m  OK  [0m] Started Tell Plymouth To Write Out Runtime Data.
[[0;32m  OK  [0m] Started Create Volatile Files and Directories.
         Starting Update UTMP about System Boot/Shutdown...
[[0;32m  OK  [0m] Started Update UTMP about System Boot/Shutdown.
[[0;32m  OK  [0m] Started Commit a transient machine-id on disk.
[[0;32m  OK  [0m] Started ebtables ruleset management.
[[0;32m  OK  [0m] Started AppArmor initialization.
         Starting Load AppArmor profiles managed internally by snapd...
         Starting Initial cloud-init job (pre-networking)...
[[0;32m  OK  [0m] Started Load AppArmor profiles managed internally by snapd.
[   11.557632] cloud-init[758]: Cloud-init v. 23.1.2-0ubuntu0~18.04.1 running 'init-local' at Mon, 17 Feb 2025 10:14:10 +0000. Up 11.28 seconds.
[[0;32m  OK  [0m] Started Initial cloud-init job (pre-networking).
[[0;32m  OK  [0m] Reached target Network (Pre).
         Starting Network Service...
[[0;32m  OK  [0m] Started Network Service.
         Starting Wait for Network to be Configured...
         Starting Network Name Resolution...
[[0;32m  OK  [0m] Started Set console font and keymap.
[[0;32m  OK  [0m] Started Network Name Resolution.
[[0;32m  OK  [0m] Reached target Network.
[[0;32m  OK  [0m] Reached target Host and Network Name Lookups.
[[0;32m  OK  [0m] Started Wait for Network to be Configured.
         Starting Initial cloud-init job (metadata service crawler)...
[   13.323499] cloud-init[1051]: Cloud-init v. 23.1.2-0ubuntu0~18.04.1 running 'init' at Mon, 17 Feb 2025 10:14:11 +0000. Up 13.21 seconds.
[   13.325260] cloud-init[1051]: ci-info: ++++++++++++++++++++++++++++++++++++++Net device info+++++++++++++++++++++++++++++++++++++++
[   13.326911] cloud-init[1051]: ci-info: +--------+-------+----------------------------+---------------+--------+-------------------+
[   13.328543] cloud-init[1051]: ci-info: | Device |   Up  |          Address           |      Mask     | Scope  |     Hw-Address    |
[   13.330199] cloud-init[1051]: ci-info: +--------+-------+----------------------------+---------------+--------+-------------------+
[   13.331730] cloud-init[1051]: ci-info: | enp0s3 |  True |         10.0.2.15          | 255.255.255.0 | global | 02:3b:7b:b7:3b:2d |
[   13.333582] cloud-init[1051]: ci-info: | enp0s3 |  True | fd00::3b:7bff:feb7:3b2d/64 |       .       | global | 02:3b:7b:b7:3b:2d |
[   13.335203] cloud-init[1051]: ci-info: | enp0s3 |  True | fe80::3b:7bff:feb7:3b2d/64 |       .       |  link  | 02:3b:7b:b7:3b:2d |
[   13.336977] cloud-init[1051]: ci-info: | enp0s8 | False |             .              |       .       |   .    | 08:00:27:94:95:84 |
[   13.338602] cloud-init[1051]: ci-info: |   lo   |  True |         127.0.0.1          |   255.0.0.0   |  host  |         .         |
[   13.340308] cloud-init[1051]: ci-info: |   lo   |  True |          ::1/128           |       .       |  host  |         .         |
[   13.341958] cloud-init[1051]: ci-info: +--------+-------+----------------------------+---------------+--------+-------------------+
[   13.343594] cloud-init[1051]: ci-info: ++++++++++++++++++++++++++++Route IPv4 info+++++++++++++++++++++++++++++
[   13.344994] cloud-init[1051]: ci-info: +-------+-------------+----------+-----------------+-----------+-------+
[   13.346780] cloud-init[1051]: ci-info: | Route | Destination | Gateway  |     Genmask     | Interface | Flags |
[   13.348247] cloud-init[1051]: ci-info: +-------+-------------+----------+-----------------+-----------+-------+
[   13.350123] cloud-init[1051]: ci-info: |   0   |   0.0.0.0   | 10.0.2.2 |     0.0.0.0     |   enp0s3  |   UG  |
[   13.351653] cloud-init[1051]: ci-info: |   1   |   10.0.2.0  | 0.0.0.0  |  255.255.255.0  |   enp0s3  |   U   |
[   13.353170] cloud-init[1051]: ci-info: |   2   |   10.0.2.2  | 0.0.0.0  | 255.255.255.255 |   enp0s3  |   UH  |
[   13.355263] cloud-init[1051]: ci-info: +-------+-------------+----------+-----------------+-----------+-------+
[   13.356687] cloud-init[1051]: ci-info: +++++++++++++++++++Route IPv6 info+++++++++++++++++++
[   13.357890] cloud-init[1051]: ci-info: +-------+-------------+---------+-----------+-------+
[   13.359053] cloud-init[1051]: ci-info: | Route | Destination | Gateway | Interface | Flags |
[   13.360294] cloud-init[1051]: ci-info: +-------+-------------+---------+-----------+-------+
[   13.361515] cloud-init[1051]: ci-info: |   1   |  fd00::/64  |    ::   |   enp0s3  |   U   |
[   13.362876] cloud-init[1051]: ci-info: |   2   |  fe80::/64  |    ::   |   enp0s3  |   U   |
[   13.364110] cloud-init[1051]: ci-info: |   3   |     ::/0    | fe80::2 |   enp0s3  |   UG  |
[   13.365289] cloud-init[1051]: ci-info: |   5   |    local    |    ::   |   enp0s3  |   U   |
[   13.366476] cloud-init[1051]: ci-info: |   6   |   ff00::/8  |    ::   |   enp0s3  |   U   |
[   13.367635] cloud-init[1051]: ci-info: +-------+-------------+---------+-----------+-------+
[   13.937972] cloud-init[1051]: Generating public/private rsa key pair.
[   13.938980] cloud-init[1051]: Your identification has been saved in /etc/ssh/ssh_host_rsa_key.
[   13.940320] cloud-init[1051]: Your public key has been saved in /etc/ssh/ssh_host_rsa_key.pub.
[   13.942821] cloud-init[1051]: The key fingerprint is:
[   13.944249] cloud-init[1051]: SHA256:D5P/Q6g1oi4soBZ1ixFbEsmFmqMMaHN2h/hLf7E/m/w root@ubuntu-bionic
[   13.945502] cloud-init[1051]: The key's randomart image is:
[   13.946344] cloud-init[1051]: +---[RSA 2048]----+
[   13.947088] cloud-init[1051]: |  ..=.           |
[   13.947836] cloud-init[1051]: |   * .           |
[   13.948889] cloud-init[1051]: |. o * .          |
[   13.949625] cloud-init[1051]: |o* B + . .       |
[   13.950413] cloud-init[1051]: |= * * o S  .     |
[   13.951239] cloud-init[1051]: |oo . +  .*+ .    |
[   13.952327] cloud-init[1051]: |..... o. +=o     |
[   13.953981] cloud-init[1051]: |... o....o.oo    |
[   13.954747] cloud-init[1051]: |.  . o. . .==E   |
[   13.955492] cloud-init[1051]: +----[SHA256]-----+
[   13.956270] cloud-init[1051]: Generating public/private dsa key pair.
[   13.957199] cloud-init[1051]: Your identification has been saved in /etc/ssh/ssh_host_dsa_key.
[   13.958996] cloud-init[1051]: Your public key has been saved in /etc/ssh/ssh_host_dsa_key.pub.
[   13.960956] cloud-init[1051]: The key fingerprint is:
[   13.962631] cloud-init[1051]: SHA256:etXEC/kWOD1r0a8Tdi4CjHlj4R5EypZt0TSRKMzPzlw root@ubuntu-bionic
[   13.963974] cloud-init[1051]: The key's randomart image is:
[   13.964862] cloud-init[1051]: +---[DSA 1024]----+
[   13.965628] cloud-init[1051]: |       o  o++o   |
[   13.967651] cloud-init[1051]: |       .+=.*oo   |
[   13.968467] cloud-init[1051]: |        =+X B .  |
[   13.969226] cloud-init[1051]: |       . BoBE* . |
[   13.969960] cloud-init[1051]: |        S+X.B o o|
[   13.970692] cloud-init[1051]: |       . =+* . = |
[   13.971499] cloud-init[1051]: |      . . . . + .|
[   13.972256] cloud-init[1051]: |       .     . o |
[   13.973200] cloud-init[1051]: |                 |
[   13.973997] cloud-init[1051]: +----[SHA256]-----+
[   13.974844] cloud-init[1051]: Generating public/private ecdsa key pair.
[   13.976221] cloud-init[1051]: Your identification has been saved in /etc/ssh/ssh_host_ecdsa_key.
[   13.977517] cloud-init[1051]: Your public key has been saved in /etc/ssh/ssh_host_ecdsa_key.pub.
[   13.978859] cloud-init[1051]: The key fingerprint is:
[   13.979649] cloud-init[1051]: SHA256:Rcu/wUcjAuIIr3RUcIleBppp1rnbdzGshAiRLa3lP8k root@ubuntu-bionic
[   13.981232] cloud-init[1051]: The key's randomart image is:
[   13.982044] cloud-init[1051]: +---[ECDSA 256]---+
[[   13.982831] cloud-init[1051]: |  o++=+.. .      |
[0;32m  OK  [0m[   13.983595] cloud-init[1051]: |  oX==+. + .     |
] Started Initial cloud-init job (metadata service crawler).[   13.984525] cloud-init[1051]: |  O**o.   = . o  |

[   13.985964] cloud-init[1051]: | +.+oo . o + o . |
[   13.986758] cloud-init[1051]: |  . oo..S + + .  |
[   13.987465] cloud-init[[1051]: |     oE. . o +   |
[0;32m  OK  [0m[   13.988404] cloud-init[1051]: |    . ..o . .    |
] [   13.989325] cloud-init[1051]: |       . .       |
Reached target Network is Online.[   13.990041] cloud-init[1051]: |                 |

[   13.991074] cloud-init[1051]: +----[SHA256]-----+
[   13.991920] cloud-init[1051]: Generating public/private ed25519 key pair.
[   13.993850] cloud-init[1051]: Your identification has been saved in /etc/ssh/ssh_host_ed25519_key.
[   13.996528] cloud-init[1051]: Your public key has been saved in /etc/ssh/ssh_host_ed25519_key.pub.
[[   13.997770] cloud-init[1051]: The key fingerprint is:
[0;32m  OK  [0m[   13.998543] cloud-init[1051]: SHA256:QGsCOdEGgftRa/oWLtKFYt78IBlwi7ANot01p01w6uk root@ubuntu-bionic
[   13.999484] cloud-init[1051]: The key's randomart image is:
] Reached target Remote File Systems (Pre).[   14.000752] cloud-init[1051]: +--[ED25519 256]--+

[   14.001917] cloud-init[1051]: | .=*  o .        |
[[   14.002659] cloud-init[1051]: |. o.+. =         |
[0;32m  OK  [0m] [   14.003374] cloud-init[1051]: |=..+..B o        |
Reached target Remote File Systems.[   14.004343] cloud-init[1051]: |*B.oo= O         |

[   14.005577] cloud-init[1051]: |+o+=. + S        |
[   14.006403] cloud-init[1051]: |..* o.           |
[   14.008540] cloud-init[1051]: |o=o= .E          |
[   14.009343] cloud-init[1051]: |..+o=            |
[   14.010294] cloud-init[1051]: | . o..           |
[   14.011324] cloud-init[1051]: +----[SHA256]-----+
         Starting Availability of block devices...
[[0;32m  OK  [0m] Reached target System Initialization.
[[0;32m  OK  [0m] Listening on D-Bus System Message Bus Socket.
[[0;32m  OK  [0m] Started Daily Cleanup of Temporary Directories.
[[0;32m  OK  [0m] Listening on Open-iSCSI iscsid Socket.
[[0;32m  OK  [0m] Started Ubuntu Advantage Timer for running repeated jobs.
[[0;32m  OK  [0m] Started Message of the Day.
[[0;32m  OK  [0m] Started Daily apt download activities.
[[0;32m  OK  [0m] Started Discard unused blocks once a week.
[[0;32m  OK  [0m] Listening on cloud-init hotplug hook socket.
[[0;32m  OK  [0m] Listening on UUID daemon activation socket.
         Starting LXD - unix socket.
[[0;32m  OK  [0m] Listening on ACPID Listen Socket.
[[0;32m  OK  [0m] Started ACPI Events Check.
[[0;32m  OK  [0m] Reached target Paths.
[[0;32m  OK  [0m] Started Daily apt upgrade and clean activities.
[[0;32m  OK  [0m] Reached target Timers.
         Starting Socket activation for snappy daemon.
[[0;32m  OK  [0m] Reached target Cloud-config availability.
[[0;32m  OK  [0m] Started Availability of block devices.
[[0;32m  OK  [0m] Listening on LXD - unix socket.
[[0;32m  OK  [0m] Listening on Socket activation for snappy daemon.
[[0;32m  OK  [0m] Reached target Sockets.
[[0;32m  OK  [0m] Reached target Basic System.
         Starting LXD - container startup/shutdown...
         Starting LSB: automatic crash report generation...
         Starting Permit User Sessions...
[[0;32m  OK  [0m] Started Regular background program processing daemon.
         Starting LSB: Record successful boot for GRUB...
[[0;32m  OK  [0m] Started D-Bus System Message Bus.
         Starting Pollinate to seed the pseudo random number generator...
         Starting Dispatcher daemon for systemd-networkd...
[[0;32m  OK  [0m] Started FUSE filesystem for LXC.
[[0;32m  OK  [0m] Started Deferred execution scheduler.
         Starting Login Service...
         Starting Virtualbox guest utils...
         Starting Snap Daemon...
         Starting Accounts Service...
[[0;32m  OK  [0m] Reached target Login Prompts (Pre).
[[0;32m  OK  [0m] Started irqbalance daemon.
         Starting System Logging Service...
[[0;32m  OK  [0m] Started LXD - container startup/shutdown.
[[0;32m  OK  [0m] Started Permit User Sessions.
[[0;32m  OK  [0m] Started System Logging Service.
[[0;32m  OK  [0m] Started Login Service.
[[0;32m  OK  [0m] Started Unattended Upgrades Shutdown.
         Starting Hostname Service...
         Starting Hold until boot process finishes up...
         Starting Terminate Plymouth Boot Screen...
[[0;32m  OK  [0m] Started Hold until boot process finishes up.
[[0;32m  OK  [0m] Started Serial Getty on ttyS0.
         Starting Set console scheme...
[[0;32m  OK  [0m] Started LSB: automatic crash report generation.
[[0;32m  OK  [0m] Started Terminate Plymouth Boot Screen.
[[0;32m  OK  [0m] Started Set console scheme.
[[0;32m  OK  [0m] Created slice system-getty.slice.
[[0;32m  OK  [0m] Started Getty on tty1.
[[0;32m  OK  [0m] Reached target Login Prompts.
[[0;32m  OK  [0m] Started LSB: Record successful boot for GRUB.
[[0;32m  OK  [0m] Started Hostname Service.
         Starting Authorization Manager...
[[0;32m  OK  [0m] Started Virtualbox guest utils.
[[0;32m  OK  [0m] Started Authorization Manager.
[[0;32m  OK  [0m] Started Accounts Service.
[[0;32m  OK  [0m] Started Dispatcher daemon for systemd-networkd.
[[0;32m  OK  [0m] Started Snap Daemon.
         Starting Wait until snapd is fully seeded...
[[0;32m  OK  [0m] Started Pollinate to seed the pseudo random number generator.
         Starting OpenBSD Secure Shell server...
[[0;32m  OK  [0m] Started OpenBSD Secure Shell server.
[[0;32m  OK  [0m] Created slice User Slice of vagrant.
         Starting User Manager for UID 1000...
[[0;32m  OK  [0m] Started Session 1 of user vagrant.
[[0;32m  OK  [0m] Started User Manager for UID 1000.
         Starting Time & Date Service...
[[0;32m  OK  [0m] Started Time & Date Service.
[[0;32m  OK  [0m] Started Wait until snapd is fully seeded.
         Starting Apply the settings specified in cloud-config...
[   17.739230] cloud-init[1827]: Cloud-init v. 23.1.2-0ubuntu0~18.04.1 running 'modules:config' at Mon, 17 Feb 2025 10:14:16 +0000. Up 17.42 seconds.
[[0;32m  OK  [0m] Started Apply the settings specified in cloud-config.
[[0;32m  OK  [0m] Reached target Multi-User System.
         Starting Execute cloud user/final scripts...
[[0;32m  OK  [0m] Reached target Graphical Interface.
         Starting Update UTMP about System Runlevel Changes...
[[0;32m  OK  [0m] Started Update UTMP about System Runlevel Changes.
ci-info: no authorized SSH keys fingerprints found for user ubuntu.
<14>Feb 17 10:14:17 cloud-init: #############################################################
<14>Feb 17 10:14:17 cloud-init: -----BEGIN SSH HOST KEY FINGERPRINTS-----
<14>Feb 17 10:14:17 cloud-init: 1024 SHA256:etXEC/kWOD1r0a8Tdi4CjHlj4R5EypZt0TSRKMzPzlw root@ubuntu-bionic (DSA)
<14>Feb 17 10:14:17 cloud-init: 256 SHA256:Rcu/wUcjAuIIr3RUcIleBppp1rnbdzGshAiRLa3lP8k root@ubuntu-bionic (ECDSA)
<14>Feb 17 10:14:17 cloud-init: 256 SHA256:QGsCOdEGgftRa/oWLtKFYt78IBlwi7ANot01p01w6uk root@ubuntu-bionic (ED25519)
<14>Feb 17 10:14:17 cloud-init: 2048 SHA256:D5P/Q6g1oi4soBZ1ixFbEsmFmqMMaHN2h/hLf7E/m/w root@ubuntu-bionic (RSA)
<14>Feb 17 10:14:17 cloud-init: -----END SSH HOST KEY FINGERPRINTS-----
<14>Feb 17 10:14:17 cloud-init: #############################################################
-----BEGIN SSH HOST KEY KEYS-----
ecdsa-sha2-nistp256 AAAAE2VjZHNhLXNoYTItbmlzdHAyNTYAAAAIbmlzdHAyNTYAAABBBFCL1B3EfwZ9aXVuN0CV0E/JN73t5TBHs98U9Njct6UOxXZouk1DodW7nVFyR3L0e4lLdJivef4i0Sx8kS2loaQ= root@ubuntu-bionic
ssh-ed25519 AAAAC3NzaC1lZDI1NTE5AAAAIKiAzTW3ZYCf4sDkDxXhXwhoNnLdNpyTd7eB796QLZpi root@ubuntu-bionic
ssh-rsa AAAAB3NzaC1yc2EAAAADAQABAAABAQDeud7TLnb+mXFuSTHlOsjy3zgTP+1sVliTy8oMqYMUhPYiOnRDHLtsJ8KeAi6K19J8+/a77qB2AFjWVW8mTqdR7/aWkHyjMRMtzQ3Fi1aTqSEvKrjKskzFkJeks7DvscN0iwCuE7EI0mPOz1exq0pD7CuMN80utzu83JAiP4uYD7MpGk1bYir+LWD2m6uM/u7HpQ8AQCZgLUcDveQ03UXnVrGDkT4mwwlHI0nwcNY3BQcoa1q3Qdjhjwf3wv9LRuCzV4VSlYWQbzsamdBZrOLRvr3sNon6CD37ZTFki+Jc3shdbyRiv33mXfTMR4y5DvBRV4gVl8NTs7d0CNpIGhBZ root@ubuntu-bionic
-----END SSH HOST KEY KEYS-----
[   18.320243] cloud-init[1951]: Cloud-init v. 23.1.2-0ubuntu0~18.04.1 running 'modules:final' at Mon, 17 Feb 2025 10:14:16 +0000. Up 18.14 seconds.
[   18.322085] cloud-init[1951]: Cloud-init v. 23.1.2-0ubuntu0~18.04.1 finished at Mon, 17 Feb 2025 10:14:17 +0000. Datasource DataSourceNoCloud [seed=/dev/sdb][dsmode=net].  Up 18.31 seconds
[[0;32m  OK  [0m] Started Execute cloud user/final scripts.
[[0;32m  OK  [0m] Reached target Cloud-init target.

Ubuntu 18.04.6 LTS ubuntu-bionic ttyS0

ubuntu-bionic login: 